// Jest Snapshot v1, https://goo.gl/fbAQLP

exports[`<Keypad /> renders correctly 1`] = `"<div class=\\"Keypad\\"><h1>T9 application</h1><table><tbody><tr><td colSpan=\\"3\\"><input type=\\"text\\" value=\\"\\" readonly=\\"\\"/></td></tr><tr><td colSpan=\\"2\\"><button class=\\"Button\\">R<span>Real words</span></button></td><td><button class=\\"Button\\">X<span>DELETE</span></button></td></tr><tr><td><button class=\\"Button\\" disabled=\\"\\">1<span>. , !</span></button></td><td><button class=\\"Button\\">2<span>a b c</span></button></td><td><button class=\\"Button\\">3<span>d e f</span></button></td></tr><tr><td><button class=\\"Button\\">4<span>g h i</span></button></td><td><button class=\\"Button\\">5<span>j k l</span></button></td><td><button class=\\"Button\\">6<span>m n o</span></button></td></tr><tr><td><button class=\\"Button\\">7<span>p q r s</span></button></td><td><button class=\\"Button\\">8<span>t u v</span></button></td><td><button class=\\"Button\\">9<span>w x y z</span></button></td></tr><tr><td><button class=\\"Button\\" disabled=\\"\\">*<span></span></button></td><td><button class=\\"Button\\" disabled=\\"\\">0<span></span></button></td><td><button class=\\"Button\\" disabled=\\"\\">#<span></span></button></td></tr></tbody></table><div class=\\"Board\\"><h2>Words</h2><div></div></div></div>"`;
